


ARM Macro Assembler    Page 1 


    1 00000000                 AREA             |.text|,CODE,READONLY
    2 00000000                 THUMB
    3 00000000                 PRESERVE8
    4 00000000         
    5 00000000                 EXPORT           JumpAPP
    6 00000000         
    7 00000000         JumpAPP PROC
    8 00000000 F8D0 D000       LDR              SP,[R0,#0]
    9 00000004 F8D0 F004       LDR              PC,[R0,#4]
   10 00000008                 ENDP
   11 00000008         
   12 00000008                 END
Command Line: --debug --xref --diag_suppress=9931 --cpu=Cortex-M4.fp --apcs=int
erwork --depend=.\objects\jumpapp.d -o.\objects\jumpapp.o -I.\RTE\_stm32f407 -I
"D:\Keil 5\ARM\CMSIS\Include" --predefine="__UVISION_VERSION SETA 525" --predef
ine="STM32F407xx SETA 1" --list=.\listings\jumpapp.lst ..\app\jumpapp.s



ARM Macro Assembler    Page 1 Alphabetic symbol ordering
Relocatable symbols

.text 00000000

Symbol: .text
   Definitions
      At line 1 in file ..\app\jumpapp.s
   Uses
      None
Comment: .text unused
JumpAPP 00000000

Symbol: JumpAPP
   Definitions
      At line 7 in file ..\app\jumpapp.s
   Uses
      At line 5 in file ..\app\jumpapp.s
Comment: JumpAPP used once
2 symbols
335 symbols in table
